============================= test session starts =============================
platform win32 -- Python 3.10.2, pytest-9.0.2, pluggy-1.6.0
rootdir: C:\Users\awron\projects\Nexdata
configfile: pytest.ini
plugins: Faker-40.1.2, anyio-4.12.1, asyncio-1.3.0
asyncio: mode=strict, debug=False, asyncio_default_fixture_loop_scope=None, asyncio_default_test_loop_scope=function
collected 522 items

tests\test_analytics_service.py .............                            [  2%]
tests\test_bio_extractor.py ...................                          [  6%]
tests\test_bls_integration.py sssssss............                        [  9%]
tests\test_census_client_url_building.py ......                          [ 10%]
tests\test_census_metadata_parsing.py .............                      [ 13%]
tests\test_change_monitor.py ........................                    [ 18%]
tests\test_collection_scheduler.py .........................             [ 22%]
tests\test_config.py ..........                                          [ 24%]
tests\test_data_quality_service.py .................                     [ 27%]
tests\test_dedup_service.py ......F..                                    [ 29%]
tests\test_email_inferrer.py ...........................                 [ 34%]
tests\test_epa_collectors.py .......................                     [ 39%]
tests\test_fcc_broadband_integration.py sssss..........ssssss....        [ 44%]
tests\test_fred_integration.py ..........s...                            [ 46%]
tests\test_incremental.py .........................................      [ 54%]
tests\test_llm_client.py ............s.......................            [ 61%]
tests\test_models.py ....                                                [ 62%]
tests\test_mx_verifier.py ........                                       [ 63%]
tests\test_pe_news_collector.py ................                         [ 66%]
tests\test_pe_persister.py ............................................. [ 75%]
..                                                                       [ 75%]
tests\test_people_models.py ..................                           [ 79%]
tests\test_person_matcher.py ...........................                 [ 84%]
tests\test_public_lp_strategies.py ................                      [ 87%]
tests\test_ticker_resolver.py .......................................... [ 95%]
......                                                                   [ 96%]
tests\test_valuation_estimator.py .................                      [100%]

================================== FAILURES ===================================
E   KeyError: 'status'
C:\Users\awron\projects\Nexdata\tests\test_dedup_service.py:226: KeyError: 'status'
=========================== short test summary info ===========================
FAILED tests/test_dedup_service.py::TestDedupServiceReject::test_reject_pending_candidate
============ 1 failed, 501 passed, 20 skipped in 66.02s (0:01:06) =============
